Creating test database for alias 'default' ('file:memorydb_default?mode=memory&cache=shared')...

Found 173 test(s).
Operations to perform:
  Synchronize unmigrated apps: corsheaders, messages, rest_framework, staticfiles
  Apply all migrations: admin, auth, contenttypes, myapp, sessions
Synchronizing apps without migrations:
  Creating tables...
    Running deferred SQL...
Running migrations:
  Applying contenttypes.0001_initial... OK
  Applying auth.0001_initial... OK
  Applying admin.0001_initial... OK
  Applying admin.0002_logentry_remove_auto_add... OK
  Applying admin.0003_logentry_add_action_flag_choices... OK
  Applying contenttypes.0002_remove_content_type_name... OK
  Applying auth.0002_alter_permission_name_max_length... OK
  Applying auth.0003_alter_user_email_max_length... OK
  Applying auth.0004_alter_user_username_opts... OK
  Applying auth.0005_alter_user_last_login_null... OK
  Applying auth.0006_require_contenttypes_0002... OK
  Applying auth.0007_alter_validators_add_error_messages... OK
  Applying auth.0008_alter_user_username_max_length... OK
  Applying auth.0009_alter_user_last_name_max_length... OK
  Applying auth.0010_alter_group_name_max_length... OK
  Applying auth.0011_update_proxy_permissions... OK
  Applying auth.0012_alter_user_first_name_max_length... OK
  Applying myapp.0001_initial... OK
  Applying myapp.0002_product_ai_summary... OK
  Applying myapp.0003_wallet_wallettransaction... OK
  Applying myapp.0004_order_shipping_fee... OK
  Applying myapp.0005_inventoryitem_rawmaterial_and_more... OK
  Applying myapp.0006_inventoryitem_expiry_basis_and_more... OK
  Applying myapp.0007_storefront_order_discount_amount_review... OK
  Applying myapp.0008_orderreminder... OK
  Applying myapp.0009_storefront_food_philosophy_and_more... OK
  Applying myapp.0010_address_recipient_name_order_delivery_address_and_more... OK
  Applying myapp.0011_order_preparation_end_at_order_preparation_plan_and_more... OK
  Applying myapp.0012_preserve_existing_preparation_windows... OK
  Applying myapp.0013_order_payment_instructions_order_payment_method_and_more... OK
  Applying myapp.0014_operatingexpense_inventoryitem_after_open_days_and_more... OK
  Applying myapp.0015_commitments_and_outcomes... OK
  Applying myapp.0016_legacy_commitment_baselines... OK
  Applying myapp.0017_product_selling_status... OK
  Applying myapp.0018_product_delivery_weekdays... OK
  Applying sessions.0001_initial...test_failed_item_write_rolls_back_order_and_preserves_basket (myapp.test_checkout_failures.CheckoutFailureTests.test_failed_item_write_rolls_back_order_and_preserves_basket) ... ok
test_failure_after_demo_wallet_debit_rolls_back_balance_and_receipts (myapp.test_checkout_failures.CheckoutFailureTests.test_failure_after_demo_wallet_debit_rolls_back_balance_and_receipts) ... ok
test_anonymous_login_requires_csrf (myapp.test_commitments.CommitmentTests.test_anonymous_login_requires_csrf) ... ok
test_basket_slots_and_procurement_quote (myapp.test_commitments.CommitmentTests.test_basket_slots_and_procurement_quote) ... ok
test_checkout_retry_returns_original_order (myapp.test_commitments.CommitmentTests.test_checkout_retry_returns_original_order) ... ok
test_cooked_cancellation_keeps_cost_as_loss (myapp.test_commitments.CommitmentTests.test_cooked_cancellation_keeps_cost_as_loss) ... ok
test_cost_and_trace_survive_later_batch_edits (myapp.test_commitments.CommitmentTests.test_cost_and_trace_survive_later_batch_edits) ... ok
test_customer_cannot_change_roles_delete_or_read_private_reports (myapp.test_commitments.CommitmentTests.test_customer_cannot_change_roles_delete_or_read_private_reports) ... ok
test_deleted_menu_does_not_destroy_accepted_recipe (myapp.test_commitments.CommitmentTests.test_deleted_menu_does_not_destroy_accepted_recipe) ... ok
test_explicit_recipe_amendment_preserves_before_and_after (myapp.test_commitments.CommitmentTests.test_explicit_recipe_amendment_preserves_before_and_after) ... ok
test_guest_guidance_uses_future_capacity_not_current_stock (myapp.test_commitments.CommitmentTests.test_guest_guidance_uses_future_capacity_not_current_stock) ... ok
test_guide_respects_budget_capacity_and_invalid_date (myapp.test_commitments.CommitmentTests.test_guide_respects_budget_capacity_and_invalid_date) ... ok
test_inventory_adjustment_requires_reason_and_records_delta (myapp.test_commitments.CommitmentTests.test_inventory_adjustment_requires_reason_and_records_delta) ... ok
test_login_limit_shared_database (myapp.test_commitments.CommitmentTests.test_login_limit_shared_database) ... ok
test_metrics_require_rendered_results_and_verified_purchase (myapp.test_commitments.CommitmentTests.test_metrics_require_rendered_results_and_verified_purchase) ... ok
test_payment_requires_evidence_and_cannot_change_flag (myapp.test_commitments.CommitmentTests.test_payment_requires_evidence_and_cannot_change_flag) ... ok
test_planning_uses_frozen_ingredients (myapp.test_commitments.CommitmentTests.test_planning_uses_frozen_ingredients) ... ok
test_recipe_edit_cannot_change_accepted_consumption_or_packaging (myapp.test_commitments.CommitmentTests.test_recipe_edit_cannot_change_accepted_consumption_or_packaging) ... ok
test_recovery_generic_response_and_single_use_token (myapp.test_commitments.CommitmentTests.test_recovery_generic_response_and_single_use_token) ... ok
test_refund_pending_failed_then_completed (myapp.test_commitments.CommitmentTests.test_refund_pending_failed_then_completed) ... ok
test_replan_keeps_accepted_settings_despite_current_menu_edits (myapp.test_commitments.CommitmentTests.test_replan_keeps_accepted_settings_despite_current_menu_edits) ... ok
test_shortage_rolls_back_structured_consumption (myapp.test_commitments.CommitmentTests.test_shortage_rolls_back_structured_consumption) ... ok
test_signup_rejects_weak_password (myapp.test_commitments.CommitmentTests.test_signup_rejects_weak_password) ... ok
test_unknown_cost_is_not_zero_profit (myapp.test_commitments.CommitmentTests.test_unknown_cost_is_not_zero_profit) ... ok
test_wallet_refund_exactly_once_and_mismatched_retry_rejected (myapp.test_commitments.CommitmentTests.test_wallet_refund_exactly_once_and_mismatched_retry_rejected) ... ok
test_all_matching_orders_export_beyond_dashboard_limit (myapp.test_contribution_export.ContributionExportTests.test_all_matching_orders_export_beyond_dashboard_limit) ... ok
test_csv_formula_text_is_escaped_and_missing_stays_unknown (myapp.test_contribution_export.ContributionExportTests.test_csv_formula_text_is_escaped_and_missing_stays_unknown) ... ok
test_date_validation_and_cohort (myapp.test_contribution_export.ContributionExportTests.test_date_validation_and_cohort) ... ok
test_empty_export_has_headers_and_download_metadata (myapp.test_contribution_export.ContributionExportTests.test_empty_export_has_headers_and_download_metadata) ... ok
test_oversized_export_rejected_instead_of_truncated (myapp.test_contribution_export.ContributionExportTests.test_oversized_export_rejected_instead_of_truncated) ... ok
test_permissions (myapp.test_contribution_export.ContributionExportTests.test_permissions) ... ok
test_realised_contribution_matches_dashboard_and_cooked_loss (myapp.test_contribution_export.ContributionExportTests.test_realised_contribution_matches_dashboard_and_cooked_loss) ... ok
test_costs_and_unknowns (myapp.test_costs_freshness.CostsAndFreshnessTests.test_costs_and_unknowns) ... ok
test_earliest_deadline_and_original_preserved (myapp.test_costs_freshness.CostsAndFreshnessTests.test_earliest_deadline_and_original_preserved) ... ok
test_event_requires_duration_and_evidence (myapp.test_costs_freshness.CostsAndFreshnessTests.test_event_requires_duration_and_evidence) ... ok
test_expense_retry_and_void (myapp.test_costs_freshness.CostsAndFreshnessTests.test_expense_retry_and_void) ... ok
test_owner_only_and_private_cost (myapp.test_costs_freshness.CostsAndFreshnessTests.test_owner_only_and_private_cost) ... ok
test_uncertain_storage_forces_hold (myapp.test_costs_freshness.CostsAndFreshnessTests.test_uncertain_storage_forces_hold) ... ok
test_waste_deducts_once_and_preserves_cost (myapp.test_costs_freshness.CostsAndFreshnessTests.test_waste_deducts_once_and_preserves_cost) ... ok
test_waste_overdraw_rejected (myapp.test_costs_freshness.CostsAndFreshnessTests.test_waste_overdraw_rejected) ... ok
test_accepted_snapshot_retains_original_weekdays (myapp.test_delivery_weekdays.DeliveryWeekdayTests.test_accepted_snapshot_retains_original_weekdays) ... ok
test_allowed_and_disallowed_delivery_day (myapp.test_delivery_weekdays.DeliveryWeekdayTests.test_allowed_and_disallowed_delivery_day) ... ok
test_default_keeps_flexible_preorders (myapp.test_delivery_weekdays.DeliveryWeekdayTests.test_default_keeps_flexible_preorders) ... ok
test_invalid_rules_rejected (myapp.test_delivery_weekdays.DeliveryWeekdayTests.test_invalid_rules_rejected) ... ok
test_legacy_snapshot_keeps_flexible_dates (myapp.test_delivery_weekdays.DeliveryWeekdayTests.test_legacy_snapshot_keeps_flexible_dates) ... ok
test_rule_uses_malaysia_date (myapp.test_delivery_weekdays.DeliveryWeekdayTests.test_rule_uses_malaysia_date) ... ok
test_budgets_are_calculated_from_database_not_model (myapp.test_help.KitchenHelpTests.test_budgets_are_calculated_from_database_not_model) ... ok
test_external_ai_requires_consent_and_is_skipped_for_known_topics (myapp.test_help.KitchenHelpTests.test_external_ai_requires_consent_and_is_skipped_for_known_topics) ... ok
test_invalid_inputs (myapp.test_help.KitchenHelpTests.test_invalid_inputs) ... ok
test_languages_and_no_key_fallback (myapp.test_help.KitchenHelpTests.test_languages_and_no_key_fallback) ... ok
test_multilingual_detection (myapp.test_help.KitchenHelpTests.test_multilingual_detection) ... ok
test_orders_return_navigation_not_private_data (myapp.test_help.KitchenHelpTests.test_orders_return_navigation_not_private_data) ... ok
test_provider_only_receives_redacted_question_and_fixed_prompt (myapp.test_help.KitchenHelpTests.test_provider_only_receives_redacted_question_and_fixed_prompt) ... ok
test_provider_timeout_and_untrusted_output_fall_back (myapp.test_help.KitchenHelpTests.test_provider_timeout_and_untrusted_output_fall_back) ... ok
test_throttles_repeated_requests (myapp.test_help.KitchenHelpTests.test_throttles_repeated_requests) ... ok
test_disabled_manual_payment_rejected (myapp.test_integrations.IntegrationTests.test_disabled_manual_payment_rejected) ... ok
test_due_reminders_deduplicated_and_bounded (myapp.test_integrations.IntegrationTests.test_due_reminders_deduplicated_and_bounded) ... ok
test_empty_payment_setup_rejected (myapp.test_integrations.IntegrationTests.test_empty_payment_setup_rejected) ... ok
test_failed_email_can_retry_without_false_receipt (myapp.test_integrations.IntegrationTests.test_failed_email_can_retry_without_false_receipt) ... ok
test_manual_payment_stays_unpaid_and_snapshots_details (myapp.test_integrations.IntegrationTests.test_manual_payment_stays_unpaid_and_snapshots_details) ... ok
test_reminder_status_is_owner_only (myapp.test_integrations.IntegrationTests.test_reminder_status_is_owner_only) ... ok
test_reminder_trigger_requires_secret (myapp.test_integrations.IntegrationTests.test_reminder_trigger_requires_secret) ... ok
test_stale_and_cancelled_orders_are_not_notified (myapp.test_integrations.IntegrationTests.test_stale_and_cancelled_orders_are_not_notified) ... ok
test_fresh_edit_accepted_and_version_advanced (myapp.test_inventory_audit.InventoryAuditTests.test_fresh_edit_accepted_and_version_advanced) ... ok
test_inventory_list_query_count_does_not_grow_with_batches (myapp.test_inventory_audit.InventoryAuditTests.test_inventory_list_query_count_does_not_grow_with_batches) ... ok
test_missing_or_invalid_version_rejected (myapp.test_inventory_audit.InventoryAuditTests.test_missing_or_invalid_version_rejected) ... ok
test_sales_endpoint_requires_owner (myapp.test_inventory_audit.InventoryAuditTests.test_sales_endpoint_requires_owner) ... ok
test_sales_endpoint_retains_totals_without_operational_payload (myapp.test_inventory_audit.InventoryAuditTests.test_sales_endpoint_retains_totals_without_operational_payload) ... ok
test_stale_edit_cannot_restore_consumed_stock (myapp.test_inventory_audit.InventoryAuditTests.test_stale_edit_cannot_restore_consumed_stock) ... ok
test_filters_apply_before_pagination (myapp.test_menu.MenuPaginationTests.test_filters_apply_before_pagination) ... ok
test_invalid_page_and_category (myapp.test_menu.MenuPaginationTests.test_invalid_page_and_category) ... ok
test_pages_are_bounded_stable_and_complete (myapp.test_menu.MenuPaginationTests.test_pages_are_bounded_stable_and_complete) ... ok
test_existing_basket_can_be_reduced_or_removed_but_not_increased (myapp.test_menu_lifecycle.MenuLifecycleTests.test_existing_basket_can_be_reduced_or_removed_but_not_increased) ... ok
test_existing_order_plan_can_be_retained_after_archive (myapp.test_menu_lifecycle.MenuLifecycleTests.test_existing_order_plan_can_be_retained_after_archive) ... ok
test_only_owner_can_change_status_and_invalid_values_rejected (myapp.test_menu_lifecycle.MenuLifecycleTests.test_only_owner_can_change_status_and_invalid_values_rejected) ... ok
test_planning_rejects_inactive_new_order (myapp.test_menu_lifecycle.MenuLifecycleTests.test_planning_rejects_inactive_new_order) ... ok
test_public_menu_excludes_paused_and_archived (myapp.test_menu_lifecycle.MenuLifecycleTests.test_public_menu_excludes_paused_and_archived) ... ok
test_batch_mode_is_preserved_in_accepted_preparation_snapshot (myapp.test_planning.PlanningTests.test_batch_mode_is_preserved_in_accepted_preparation_snapshot) ... ok
test_block_protected_by_permission_and_existing_order (myapp.test_planning.PlanningTests.test_block_protected_by_permission_and_existing_order) ... ok
test_block_rejects_booking_without_cancelling (myapp.test_planning.PlanningTests.test_block_rejects_booking_without_cancelling) ... ok
test_bulk_duration (myapp.test_planning.PlanningTests.test_bulk_duration) ... ok
test_database_failure_does_not_leak_details (myapp.test_planning.PlanningTests.test_database_failure_does_not_leak_details) ... ok
test_distinct_unattended_resources_overlap (myapp.test_planning.PlanningTests.test_distinct_unattended_resources_overlap) ... ok
test_forecast_sparse_and_trend (myapp.test_planning.PlanningTests.test_forecast_sparse_and_trend) ... ok
test_independent_batches_can_use_multiple_days_without_splitting_steps (myapp.test_planning.PlanningTests.test_independent_batches_can_use_multiple_days_without_splitting_steps) ... ok
test_independent_batches_do_not_override_early_finish_limit (myapp.test_planning.PlanningTests.test_independent_batches_do_not_override_early_finish_limit) ... ok
test_independent_batches_repeat_full_recipe_including_partial_batch (myapp.test_planning.PlanningTests.test_independent_batches_repeat_full_recipe_including_partial_batch) ... ok
test_independent_mode_must_be_consistent_and_is_bounded (myapp.test_planning.PlanningTests.test_independent_mode_must_be_consistent_and_is_bounded) ... ok
test_invalid_ids_and_dates_are_client_errors (myapp.test_planning.PlanningTests.test_invalid_ids_and_dates_are_client_errors) ... ok
test_multiday_rest_dependencies (myapp.test_planning.PlanningTests.test_multiday_rest_dependencies) ... ok
test_oversized_unsplit_step_explains_why_later_date_will_not_help (myapp.test_planning.PlanningTests.test_oversized_unsplit_step_explains_why_later_date_will_not_help) ... ok
test_owner_preview_and_confirm_existing_order (myapp.test_planning.PlanningTests.test_owner_preview_and_confirm_existing_order) ... ok
test_planner_exposes_setup_and_hours (myapp.test_planning.PlanningTests.test_planner_exposes_setup_and_hours) ... ok
test_planner_queries_do_not_grow_per_order (myapp.test_planning.PlanningTests.test_planner_queries_do_not_grow_per_order) ... ok
test_quote_capacity (myapp.test_planning.PlanningTests.test_quote_capacity) ... ok
test_quote_is_advisory_and_snapshot_is_immutable (myapp.test_planning.PlanningTests.test_quote_is_advisory_and_snapshot_is_immutable) ... ok
test_replan_rejects_stale_preview_or_started_order (myapp.test_planning.PlanningTests.test_replan_rejects_stale_preview_or_started_order) ... ok
test_replan_requires_menu_steps (myapp.test_planning.PlanningTests.test_replan_requires_menu_steps) ... ok
test_review_eligibility (myapp.test_planning.PlanningTests.test_review_eligibility) ... ok
test_same_equipment_cannot_overlap (myapp.test_planning.PlanningTests.test_same_equipment_cannot_overlap) ... ok
test_shortages_exclude_batch_expiring_during_multiday_preparation (myapp.test_planning.PlanningTests.test_shortages_exclude_batch_expiring_during_multiday_preparation) ... ok
test_task_validation (myapp.test_planning.PlanningTests.test_task_validation) ... ok
test_twenty_two_step_batches_keep_dependencies_and_resource_limits (myapp.test_planning.PlanningTests.test_twenty_two_step_batches_keep_dependencies_and_resource_limits) ... ok
test_upstream_conflict_retries_whole_sequence_without_leaking_trial_slots (myapp.test_planning.PlanningTests.test_upstream_conflict_retries_whole_sequence_without_leaking_trial_slots) ... ok
test_worker_cannot_overlap_different_equipment (myapp.test_planning.PlanningTests.test_worker_cannot_overlap_different_equipment) ... ok
test_baseline_threshold_and_explicit_scenario_discount (myapp.test_pricing.PricingPreviewTests.test_baseline_threshold_and_explicit_scenario_discount) ... ok
test_explicit_zero_costs_are_valid (myapp.test_pricing.PricingPreviewTests.test_explicit_zero_costs_are_valid) ... ok
test_input_bounds_and_nonfinite_values (myapp.test_pricing.PricingPreviewTests.test_input_bounds_and_nonfinite_values) ... ok
test_loss_flag_and_currency_rounding (myapp.test_pricing.PricingPreviewTests.test_loss_flag_and_currency_rounding) ... ok
test_missing_packaging_recipe_and_invalid_recipe (myapp.test_pricing.PricingPreviewTests.test_missing_packaging_recipe_and_invalid_recipe) ... ok
test_permissions_and_missing_menu (myapp.test_pricing.PricingPreviewTests.test_permissions_and_missing_menu) ... ok
test_scenario_calculation_and_no_saved_changes (myapp.test_pricing.PricingPreviewTests.test_scenario_calculation_and_no_saved_changes) ... ok
test_unknown_cost_never_becomes_profit_or_breakeven (myapp.test_pricing.PricingPreviewTests.test_unknown_cost_never_becomes_profit_or_breakeven) ... ok
test_capacity_is_rechecked_on_confirm (myapp.test_rescheduling.ReschedulingTests.test_capacity_is_rechecked_on_confirm) ... ok
test_changed_task_availability_needs_new_preview (myapp.test_rescheduling.ReschedulingTests.test_changed_task_availability_needs_new_preview) ... ok
test_exact_cutoff_and_later_are_blocked (myapp.test_rescheduling.ReschedulingTests.test_exact_cutoff_and_later_are_blocked) ... ok
test_expired_and_tampered_preview (myapp.test_rescheduling.ReschedulingTests.test_expired_and_tampered_preview) ... ok
test_invalid_dates_reasons_and_removed_menu (myapp.test_rescheduling.ReschedulingTests.test_invalid_dates_reasons_and_removed_menu) ... ok
test_new_preparation_also_requires_cutoff (myapp.test_rescheduling.ReschedulingTests.test_new_preparation_also_requires_cutoff) ... ok
test_original_preview_cannot_overwrite_started_order (myapp.test_rescheduling.ReschedulingTests.test_original_preview_cannot_overwrite_started_order) ... ok
test_preview_bound_to_actor (myapp.test_rescheduling.ReschedulingTests.test_preview_bound_to_actor) ... ok
test_preview_has_no_mutation_and_confirm_preserves_terms (myapp.test_rescheduling.ReschedulingTests.test_preview_has_no_mutation_and_confirm_preserves_terms) ... ok
test_private_to_customer_or_owner (myapp.test_rescheduling.ReschedulingTests.test_private_to_customer_or_owner) ... ok
test_retry_returns_current_order_without_second_change (myapp.test_rescheduling.ReschedulingTests.test_retry_returns_current_order_without_second_change) ... ok
test_same_day_excludes_own_daily_capacity (myapp.test_rescheduling.ReschedulingTests.test_same_day_excludes_own_daily_capacity) ... ok
test_stale_order_does_not_apply (myapp.test_rescheduling.ReschedulingTests.test_stale_order_does_not_apply) ... ok
test_status_and_refund_guards (myapp.test_rescheduling.ReschedulingTests.test_status_and_refund_guards) ... ok
test_all_menus_checked_but_examples_bounded (myapp.test_setup.SetupChecklistTests.test_all_menus_checked_but_examples_bounded) ... ok
test_complete_setup_allows_zero_cost_and_no_stock_for_future_preorders (myapp.test_setup.SetupChecklistTests.test_complete_setup_allows_zero_cost_and_no_stock_for_future_preorders) ... ok
test_empty_setup_is_not_complete_and_get_does_not_create_store (myapp.test_setup.SetupChecklistTests.test_empty_setup_is_not_complete_and_get_does_not_create_store) ... ok
test_invalid_legacy_tasks_do_not_break_checklist (myapp.test_setup.SetupChecklistTests.test_invalid_legacy_tasks_do_not_break_checklist) ... ok
test_menu_gaps_recompute_after_edits (myapp.test_setup.SetupChecklistTests.test_menu_gaps_recompute_after_edits) ... ok
test_owner_only (myapp.test_setup.SetupChecklistTests.test_owner_only) ... ok
test_stock_counts_exclude_empty_future_and_costed_batches (myapp.test_setup.SetupChecklistTests.test_stock_counts_exclude_empty_future_and_costed_batches) ... ok
test_authenticated_cart_from_vite_loopback_origin (myapp.tests.BrowserCartTests.test_authenticated_cart_from_vite_loopback_origin) ... ok
test_bootstrap_sets_csrf_cookie (myapp.tests.BrowserCartTests.test_bootstrap_sets_csrf_cookie) ... ok
test_business_story_roundtrip (myapp.tests.BrowserCartTests.test_business_story_roundtrip) ... ok
test_public_routes_resolve_to_spa (myapp.tests.BrowserCartTests.test_public_routes_resolve_to_spa) ... ok
test_untrusted_origin_still_rejected (myapp.tests.BrowserCartTests.test_untrusted_origin_still_rejected) ... ok
test_available_excludes_expired_and_held (myapp.tests.KitchenTests.test_available_excludes_expired_and_held) ... ok
test_bulk_discount (myapp.tests.KitchenTests.test_bulk_discount) ... ok
test_capacity_enforced (myapp.tests.KitchenTests.test_capacity_enforced) ... ok
test_cooking_fefo_and_idempotence (myapp.tests.KitchenTests.test_cooking_fefo_and_idempotence) ... ok
test_early_delivery_rejected (myapp.tests.KitchenTests.test_early_delivery_rejected) ... ok
test_expiry_sources (myapp.tests.KitchenTests.test_expiry_sources) ... ok
test_invalid_transition (myapp.tests.KitchenTests.test_invalid_transition) ... ok
test_missing_guidance_rejected (myapp.tests.KitchenTests.test_missing_guidance_rejected) ... ok
test_negative_batch_rejected (myapp.tests.KitchenTests.test_negative_batch_rejected) ... ok
test_preorder_does_not_deduct (myapp.tests.KitchenTests.test_preorder_does_not_deduct) ... ok
test_private_inventory (myapp.tests.KitchenTests.test_private_inventory) ... ok
test_recipe_validation (myapp.tests.KitchenTests.test_recipe_validation) ... ok
test_recommendation_cold_start (myapp.tests.KitchenTests.test_recommendation_cold_start) ... ok
test_reminders_preview_and_deduplication (myapp.tests.KitchenTests.test_reminders_preview_and_deduplication) ... ok
test_settings_permission_and_discount_bounds (myapp.tests.KitchenTests.test_settings_permission_and_discount_bounds) ... ok
test_shopping_does_not_double_allocate (myapp.tests.KitchenTests.test_shopping_does_not_double_allocate) ... ok
test_shortage_rolls_back_every_deduction (myapp.tests.KitchenTests.test_shortage_rolls_back_every_deduction) ... ok
test_used_material_unit_and_delete_protected (myapp.tests.KitchenTests.test_used_material_unit_and_delete_protected) ... ok
test_verified_reviews (myapp.tests.KitchenTests.test_verified_reviews) ... ok
test_anonymous_address_access_denied (myapp.tests.SavedAddressTests.test_anonymous_address_access_denied) ... ok
test_order_snapshot_survives_saved_address_edit (myapp.tests.SavedAddressTests.test_order_snapshot_survives_saved_address_edit) ... ok
test_other_customer_cannot_read_or_overwrite_address (myapp.tests.SavedAddressTests.test_other_customer_cannot_read_or_overwrite_address) ... ok
test_repeated_save_updates_single_address (myapp.tests.SavedAddressTests.test_repeated_save_updates_single_address) ... ok
test_old_orders_are_labelled_without_invented_historical_costs (myapp.test_commitment_migration.CommitmentMigrationTests.test_old_orders_are_labelled_without_invented_historical_costs) ... ok
test_conflict_does_not_expose_database_details (myapp.test_exception_recovery.ExceptionRecoveryTests.test_conflict_does_not_expose_database_details) ... ok
test_database_outage_is_correlated_and_sanitised (myapp.test_exception_recovery.ExceptionRecoveryTests.test_database_outage_is_correlated_and_sanitised) ... ok
test_unexpected_failure_is_not_reported_as_success (myapp.test_exception_recovery.ExceptionRecoveryTests.test_unexpected_failure_is_not_reported_as_success) ... ok
test_validation_remains_actionable (myapp.test_exception_recovery.ExceptionRecoveryTests.test_validation_remains_actionable) ... ok
test_empty_inventory (myapp.test_freshness.FreshnessSummaryTests.test_empty_inventory) ... ok
test_held_and_expired_are_not_hidden (myapp.test_freshness.FreshnessSummaryTests.test_held_and_expired_are_not_hidden) ... ok
test_manufactured_uses_manufacturing_start (myapp.test_freshness.FreshnessSummaryTests.test_manufactured_uses_manufacturing_start) ... ok
test_remaining_is_calculated_from_dates (myapp.test_freshness.FreshnessSummaryTests.test_remaining_is_calculated_from_dates) ... ok
test_unknown_and_empty_do_not_invent_scores (myapp.test_freshness.FreshnessSummaryTests.test_unknown_and_empty_do_not_invent_scores) ... ok
test_two_buyers_cannot_take_the_last_portion (myapp.test_postgres_commitments.PostgreSQLCommitmentTests.test_two_buyers_cannot_take_the_last_portion) ... skipped 'Requires isolated PostgreSQL to verify real row locking'

----------------------------------------------------------------------
Ran 173 tests in 26.207s

OK (skipped=1)
Destroying test database for alias 'default' ('file:memorydb_default?mode=memory&cache=shared')...

 OK
System check identified no issues (0 silenced).
