
> frontend@0.0.0 build
> vite build

vite v8.0.10 building client environment for production...
[2K
transforming...✓ 2440 modules transformed.
rendering chunks...
computing gzip size...
dist/index.html                                1.29 kB │ gzip:   0.63 kB
dist/assets/AdminInventoryPage-DPer_eOs.css    0.81 kB │ gzip:   0.38 kB
dist/assets/AdminReportsPage-bdyv9sh1.css      1.17 kB │ gzip:   0.47 kB
dist/assets/AdminOrdersPage-BNJJJRzI.css       1.26 kB │ gzip:   0.51 kB
dist/assets/StoreSettingsPage-HIHbvgKw.css     1.82 kB │ gzip:   0.61 kB
dist/assets/PlannerPage-DmU_gIMI.css           2.50 kB │ gzip:   0.78 kB
dist/assets/AdminProductsPage-BQuXjOkT.css     3.37 kB │ gzip:   1.01 kB
dist/assets/index-ZSrhnMjc.css                85.57 kB │ gzip:  17.94 kB
dist/assets/AdminCustomersPage-BI1pwCBm.js     1.93 kB │ gzip:   0.83 kB
dist/assets/planner-BwaXqMiW.js                2.89 kB │ gzip:   1.19 kB
dist/assets/jsx-runtime-2UHhqg_S.js            8.66 kB │ gzip:   3.31 kB
dist/assets/StoreSettingsPage-BHBFQ2uC.js      9.30 kB │ gzip:   3.66 kB
dist/assets/AdminOrdersPage-ngkW5zBH.js       13.52 kB │ gzip:   4.41 kB
dist/assets/AdminInventoryPage-BLO6bPrj.js    23.88 kB │ gzip:   6.03 kB
dist/assets/AdminReportsPage-CxUS1OYf.js      24.33 kB │ gzip:   7.44 kB
dist/assets/AdminProductsPage-DS84lYZc.js     25.00 kB │ gzip:   7.47 kB
dist/assets/PlannerPage-CJB7rHiW.js           27.07 kB │ gzip:   8.18 kB
dist/assets/EscrowDemoPage-1VzkDDRT.js       272.49 kB │ gzip: 100.63 kB
dist/assets/index-BFnlVlHX.js                494.29 kB │ gzip: 156.89 kB

✓ built in 6.01s
