Found 2 test(s).
Operations to perform:
  Synchronize unmigrated apps: corsheaders, messages, rest_framework, staticfiles
  Apply all migrations: admin, auth, contenttypes, myapp, sessions
Synchronizing apps without migrations:
  Creating tables...
    Running deferred SQL...
Running migrations:
  Applying contenttypes.0001_initial... OK
  Applying auth.0001_initial... OK
  Applying admin.0001_initial... OK
  Applying admin.0002_logentry_remove_auto_add... OK
  Applying admin.0003_logentry_add_action_flag_choices... OK
  Applying contenttypes.0002_remove_content_type_name... OK
  Applying auth.0002_alter_permission_name_max_length... OK
  Applying auth.0003_alter_user_email_max_length... OK
  Applying auth.0004_alter_user_username_opts... OK
  Applying auth.0005_alter_user_last_login_null... OK
  Applying auth.0006_require_contenttypes_0002... OK
  Applying auth.0007_alter_validators_add_error_messages... OK
  Applying auth.0008_alter_user_username_max_length... OK
  Applying auth.0009_alter_user_last_name_max_length... OK
  Applying auth.0010_alter_group_name_max_length... OK
  Applying auth.0011_update_proxy_permissions... OK
  Applying auth.0012_alter_user_first_name_max_length... OK
  Applying myapp.0001_initial... OK
  Applying myapp.0002_product_ai_summary... OK
  Applying myapp.0003_wallet_wallettransaction... OK
  Applying myapp.0004_order_shipping_fee... OK
  Applying myapp.0005_inventoryitem_rawmaterial_and_more... OK
  Applying myapp.0006_inventoryitem_expiry_basis_and_more... OK
  Applying myapp.0007_storefront_order_discount_amount_review... OK
  Applying myapp.0008_orderreminder... OK
  Applying myapp.0009_storefront_food_philosophy_and_more... OK
  Applying myapp.0010_address_recipient_name_order_delivery_address_and_more... OK
  Applying myapp.0011_order_preparation_end_at_order_preparation_plan_and_more... OK
  Applying myapp.0012_preserve_existing_preparation_windows... OK
  Applying myapp.0013_order_payment_instructions_order_payment_method_and_more... OK
  Applying myapp.0014_operatingexpense_inventoryitem_after_open_days_and_more... OK
  Applying myapp.0015_commitments_and_outcomes... OK
  Applying myapp.0016_legacy_commitment_baselines... OK
  Applying myapp.0017_product_selling_status... OK
  Applying myapp.0018_product_delivery_weekdays... OK
  Applying sessions.0001_initial... OK
System check identified no issues (0 silenced).
Creating test database for alias 'default' ('test_fyp_concurrency')...

test_same_checkout_reference_concurrently_creates_one_order_and_debit (myapp.test_postgres_commitments.PostgreSQLCommitmentTests.test_same_checkout_reference_concurrently_creates_one_order_and_debit) ... ok
test_two_buyers_cannot_take_the_last_portion (myapp.test_postgres_commitments.PostgreSQLCommitmentTests.test_two_buyers_cannot_take_the_last_portion) ... ok

----------------------------------------------------------------------
Ran 2 tests in 1.759s

OK
Destroying test database for alias 'default' ('test_fyp_concurrency')...

