
> frontend@0.0.0 build
> vite build

vite v8.0.10 building client environment for production...
[2K
transforming...✓ 2455 modules transformed.
rendering chunks...
computing gzip size...
dist/index.html                                1.47 kB │ gzip:   0.67 kB
dist/assets/AdminInventoryPage-DPer_eOs.css    0.81 kB │ gzip:   0.38 kB
dist/assets/AdminReportsPage-bdyv9sh1.css      1.17 kB │ gzip:   0.47 kB
dist/assets/AdminOrdersPage-BNJJJRzI.css       1.26 kB │ gzip:   0.51 kB
dist/assets/StoreSettingsPage-Bz3XQq2c.css     1.96 kB │ gzip:   0.66 kB
dist/assets/AdminProductsPage-BQuXjOkT.css     3.37 kB │ gzip:   1.01 kB
dist/assets/PlannerPage-Df-pXzyp.css           3.87 kB │ gzip:   1.08 kB
dist/assets/index-CKmL1HUp.css                92.18 kB │ gzip:  19.08 kB
dist/assets/cookieUtils-CJ9DTZnJ.js            0.24 kB │ gzip:   0.19 kB
dist/assets/apiResponse-uqvZVndm.js            0.42 kB │ gzip:   0.26 kB
dist/assets/AdminCustomersPage-DYNNGv6o.js     1.97 kB │ gzip:   0.86 kB
dist/assets/planner-TYYoiTV7.js                2.89 kB │ gzip:   1.19 kB
dist/assets/AccountPage-C1946Nc3.js            3.77 kB │ gzip:   1.61 kB
dist/assets/jsx-runtime-2UHhqg_S.js            8.66 kB │ gzip:   3.31 kB
dist/assets/StoreSettingsPage-fYa5cSoz.js     10.16 kB │ gzip:   3.85 kB
dist/assets/AdminOrdersPage-DLWOHEhx.js       14.55 kB │ gzip:   4.70 kB
dist/assets/AdminInventoryPage-C5F-zPhe.js    24.93 kB │ gzip:   6.47 kB
dist/assets/AdminProductsPage-WsAsZs85.js     25.39 kB │ gzip:   7.60 kB
dist/assets/AdminReportsPage-DtjkSYPp.js      29.74 kB │ gzip:   8.83 kB
dist/assets/PlannerPage-CZ92WFP3.js           33.70 kB │ gzip:   9.80 kB
dist/assets/EscrowDemoPage-DWNZWXDj.js       272.49 kB │ gzip: 100.63 kB
dist/assets/index-CFQVv3i_.js                502.94 kB │ gzip: 159.08 kB

✓ built in 7.81s
[plugin builtin:vite-reporter] 
(!) Some chunks are larger than 500 kB after minification. Consider:
- Using dynamic import() to code-split the application
- Use build.rolldownOptions.output.codeSplitting to improve chunking: https://rolldown.rs/reference/OutputOptions.codeSplitting
- Adjust chunk size limit for this warning via build.chunkSizeWarningLimit.
